Copyright 1986-2022 Xilinx, Inc. All Rights Reserved. Copyright 2022-2025 Advanced Micro Devices, Inc. All Rights Reserved.
---------------------------------------------------------------------------------------------------------------------------------------------------
| Tool Version : Vivado v.2025.2 (win64) Build 6299465 Fri Nov 14 19:35:11 GMT 2025
| Date         : Tue Sep 15 02:02:08 2026
| Host         : Former-Killer running 64-bit major release  (build 9200)
| Command      : report_utilization -hierarchical -file D:/MyProjects/Convlution_Accelerator/work/research_D32_CFGLUT125/artifacts/utilization.rpt
| Design       : accelerator_dma_wrapper
| Device       : xc7z020clg484-1
| Speed File   : -1
| Design State : Physopt postRoute
---------------------------------------------------------------------------------------------------------------------------------------------------

Utilization Design Information

Table of Contents
-----------------
1. Utilization by Hierarchy

1. Utilization by Hierarchy
---------------------------

+-------------------------------------------------------------------+-----------------------------------------------------------------------------------------+------------+------------+---------+------+------+--------+--------+------------+
|                              Instance                             |                                          Module                                         | Total LUTs | Logic LUTs | LUTRAMs | SRLs |  FFs | RAMB36 | RAMB18 | DSP Blocks |
+-------------------------------------------------------------------+-----------------------------------------------------------------------------------------+------------+------------+---------+------+------+--------+--------+------------+
| accelerator_dma_wrapper                                           |                                                                                   (top) |       7273 |       6186 |     514 |  573 | 8308 |      2 |      2 |          0 |
|   accelerator_dma_i                                               |                                                                         accelerator_dma |       7273 |       6186 |     514 |  573 | 8308 |      2 |      2 |          0 |
|     hp0_smartconnect                                              |                                                      accelerator_dma_hp0_smartconnect_0 |       2156 |       1726 |     410 |   20 | 3078 |      0 |      0 |          0 |
|       inst                                                        |                                              accelerator_dma_hp0_smartconnect_0_bd_569a |       2156 |       1726 |     410 |   20 | 3078 |      0 |      0 |          0 |
|         m00_exit_pipeline                                         |                          accelerator_dma_hp0_smartconnect_0_m00_exit_pipeline_imp_2FQ04 |        616 |        601 |       0 |   15 |  944 |      0 |      0 |          0 |
|           m00_exit                                                |                                       accelerator_dma_hp0_smartconnect_0_bd_569a_m00e_0 |        616 |        601 |       0 |   15 |  944 |      0 |      0 |          0 |
|             inst                                                  |                                  accelerator_dma_hp0_smartconnect_0_sc_exit_v1_0_18_top |        616 |        601 |       0 |   15 |  944 |      0 |      0 |          0 |
|               w_reg                                               |                     accelerator_dma_hp0_smartconnect_0_sc_util_v1_0_4_axi_reg_stall_108 |         42 |         42 |       0 |    0 |  150 |      0 |      0 |          0 |
|               ar_reg                                              |                     accelerator_dma_hp0_smartconnect_0_sc_util_v1_0_4_axi_reg_stall_104 |         32 |         32 |       0 |    0 |  102 |      0 |      0 |          0 |
|               aw_reg                                              |                     accelerator_dma_hp0_smartconnect_0_sc_util_v1_0_4_axi_reg_stall_105 |         32 |         32 |       0 |    0 |  102 |      0 |      0 |          0 |
|               r_reg                                               |                     accelerator_dma_hp0_smartconnect_0_sc_util_v1_0_4_axi_reg_stall_107 |         40 |         40 |       0 |    0 |  138 |      0 |      0 |          0 |
|               splitter_inst                                       |                             accelerator_dma_hp0_smartconnect_0_sc_exit_v1_0_18_splitter |        415 |        408 |       0 |    7 |  414 |      0 |      0 |          0 |
|                 gen_axi3.splitter_inst                            |                            accelerator_dma_hp0_smartconnect_0_sc_exit_v1_0_18_axi3_conv |        415 |        408 |       0 |    7 |  413 |      0 |      0 |          0 |
|                   (gen_axi3.splitter_inst)                        |                            accelerator_dma_hp0_smartconnect_0_sc_exit_v1_0_18_axi3_conv |        101 |        101 |       0 |    0 |  132 |      0 |      0 |          0 |
|                   ar_cmd_reg                                      |                     accelerator_dma_hp0_smartconnect_0_sc_util_v1_0_4_axi_reg_stall_109 |        129 |        129 |       0 |    0 |  126 |      0 |      0 |          0 |
|                   aw_cmd_reg                                      |                     accelerator_dma_hp0_smartconnect_0_sc_util_v1_0_4_axi_reg_stall_110 |        123 |        123 |       0 |    0 |  124 |      0 |      0 |          0 |
|         m00_nodes                                                 |                                 accelerator_dma_hp0_smartconnect_0_m00_nodes_imp_M7J39K |        596 |        393 |     202 |    1 |  571 |      0 |      0 |          0 |
|           m00_ar_node                                             |                                     accelerator_dma_hp0_smartconnect_0_bd_569a_m00arn_0 |        120 |         72 |      48 |    0 |  121 |      0 |      0 |          0 |
|             inst                                                  |                                  accelerator_dma_hp0_smartconnect_0_sc_node_v1_0_19_top |        120 |         72 |      48 |    0 |  121 |      0 |      0 |          0 |
|               inst_mi_handler                                     |                           accelerator_dma_hp0_smartconnect_0_sc_node_v1_0_19_mi_handler |        110 |         62 |      48 |    0 |  110 |      0 |      0 |          0 |
|                 gen_normal_area.inst_fifo_node_payld              |              accelerator_dma_hp0_smartconnect_0_sc_node_v1_0_19_fifo__parameterized0_94 |         74 |         26 |      48 |    0 |   86 |      0 |      0 |          0 |
|                   gen_xpm_memory_fifo.inst_fifo                   |    accelerator_dma_hp0_smartconnect_0_sc_util_v1_0_4_xpm_memory_fifo__parameterized0_96 |         74 |         26 |      48 |    0 |   86 |      0 |      0 |          0 |
|                     gen_mem_rep[0].inst_xpm_memory                |                    accelerator_dma_hp0_smartconnect_0_xpm_memory_sdpram__parameterized0 |         48 |          0 |      48 |    0 |   65 |      0 |      0 |          0 |
|                       xpm_memory_base_inst                        |                      accelerator_dma_hp0_smartconnect_0_xpm_memory_base__parameterized0 |         48 |          0 |      48 |    0 |   65 |      0 |      0 |          0 |
|           m00_aw_node                                             |                                     accelerator_dma_hp0_smartconnect_0_bd_569a_m00awn_0 |        133 |         86 |      46 |    1 |  128 |      0 |      0 |          0 |
|             inst                                                  |                  accelerator_dma_hp0_smartconnect_0_sc_node_v1_0_19_top__parameterized0 |        133 |         86 |      46 |    1 |  128 |      0 |      0 |          0 |
|               inst_mi_handler                                     |           accelerator_dma_hp0_smartconnect_0_sc_node_v1_0_19_mi_handler__parameterized0 |        108 |         62 |      46 |    0 |  109 |      0 |      0 |          0 |
|                 gen_normal_area.inst_fifo_node_payld              |                 accelerator_dma_hp0_smartconnect_0_sc_node_v1_0_19_fifo__parameterized0 |         73 |         27 |      46 |    0 |   85 |      0 |      0 |          0 |
|                   gen_xpm_memory_fifo.inst_fifo                   |       accelerator_dma_hp0_smartconnect_0_sc_util_v1_0_4_xpm_memory_fifo__parameterized0 |         73 |         27 |      46 |    0 |   85 |      0 |      0 |          0 |
|                     gen_mem_rep[0].inst_xpm_memory                |                 accelerator_dma_hp0_smartconnect_0_xpm_memory_sdpram__parameterized0__1 |         46 |          0 |      46 |    0 |   64 |      0 |      0 |          0 |
|                       xpm_memory_base_inst                        |                   accelerator_dma_hp0_smartconnect_0_xpm_memory_base__parameterized0__1 |         46 |          0 |      46 |    0 |   64 |      0 |      0 |          0 |
|           m00_b_node                                              |                                      accelerator_dma_hp0_smartconnect_0_bd_569a_m00bn_0 |         86 |         78 |       8 |    0 |   62 |      0 |      0 |          0 |
|             inst                                                  |                  accelerator_dma_hp0_smartconnect_0_sc_node_v1_0_19_top__parameterized1 |         86 |         78 |       8 |    0 |   62 |      0 |      0 |          0 |
|               inst_mi_handler                                     |           accelerator_dma_hp0_smartconnect_0_sc_node_v1_0_19_mi_handler__parameterized1 |         82 |         74 |       8 |    0 |   57 |      0 |      0 |          0 |
|           m00_r_node                                              |                                      accelerator_dma_hp0_smartconnect_0_bd_569a_m00rn_0 |        129 |         79 |      50 |    0 |  126 |      0 |      0 |          0 |
|             inst                                                  |                  accelerator_dma_hp0_smartconnect_0_sc_node_v1_0_19_top__parameterized2 |        129 |         79 |      50 |    0 |  126 |      0 |      0 |          0 |
|               inst_mi_handler                                     |           accelerator_dma_hp0_smartconnect_0_sc_node_v1_0_19_mi_handler__parameterized2 |        124 |         74 |      50 |    0 |  121 |      0 |      0 |          0 |
|                 gen_normal_area.inst_fifo_node_payld              |                 accelerator_dma_hp0_smartconnect_0_sc_node_v1_0_19_fifo__parameterized3 |         87 |         39 |      48 |    0 |   89 |      0 |      0 |          0 |
|                   gen_xpm_memory_fifo.inst_fifo                   |       accelerator_dma_hp0_smartconnect_0_sc_util_v1_0_4_xpm_memory_fifo__parameterized3 |         87 |         39 |      48 |    0 |   89 |      0 |      0 |          0 |
|                     gen_mem_rep[0].inst_xpm_memory                |                    accelerator_dma_hp0_smartconnect_0_xpm_memory_sdpram__parameterized3 |         48 |          0 |      48 |    0 |   67 |      0 |      0 |          0 |
|                       xpm_memory_base_inst                        |                      accelerator_dma_hp0_smartconnect_0_xpm_memory_base__parameterized3 |         48 |          0 |      48 |    0 |   67 |      0 |      0 |          0 |
|           m00_w_node                                              |                                      accelerator_dma_hp0_smartconnect_0_bd_569a_m00wn_0 |        129 |         79 |      50 |    0 |  134 |      0 |      0 |          0 |
|             inst                                                  |                  accelerator_dma_hp0_smartconnect_0_sc_node_v1_0_19_top__parameterized3 |        129 |         79 |      50 |    0 |  134 |      0 |      0 |          0 |
|               inst_mi_handler                                     |           accelerator_dma_hp0_smartconnect_0_sc_node_v1_0_19_mi_handler__parameterized3 |        108 |         60 |      48 |    0 |  117 |      0 |      0 |          0 |
|                 gen_normal_area.inst_fifo_node_payld              |                 accelerator_dma_hp0_smartconnect_0_sc_node_v1_0_19_fifo__parameterized5 |         73 |         25 |      48 |    0 |   93 |      0 |      0 |          0 |
|                   gen_xpm_memory_fifo.inst_fifo                   |       accelerator_dma_hp0_smartconnect_0_sc_util_v1_0_4_xpm_memory_fifo__parameterized5 |         73 |         25 |      48 |    0 |   93 |      0 |      0 |          0 |
|                     gen_mem_rep[0].inst_xpm_memory                |                    accelerator_dma_hp0_smartconnect_0_xpm_memory_sdpram__parameterized5 |         48 |          0 |      48 |    0 |   72 |      0 |      0 |          0 |
|                       xpm_memory_base_inst                        |                      accelerator_dma_hp0_smartconnect_0_xpm_memory_base__parameterized5 |         48 |          0 |      48 |    0 |   72 |      0 |      0 |          0 |
|         s00_entry_pipeline                                        |                       accelerator_dma_hp0_smartconnect_0_s00_entry_pipeline_imp_10DFXBB |        182 |        182 |       0 |    0 |  338 |      0 |      0 |          0 |
|           s00_mmu                                                 |                                     accelerator_dma_hp0_smartconnect_0_bd_569a_s00mmu_0 |        170 |        170 |       0 |    0 |  334 |      0 |      0 |          0 |
|             inst                                                  |                                   accelerator_dma_hp0_smartconnect_0_sc_mmu_v1_0_16_top |        170 |        170 |       0 |    0 |  334 |      0 |      0 |          0 |
|               r_sreg                                              |                      accelerator_dma_hp0_smartconnect_0_sc_util_v1_0_4_axi_reg_stall_50 |         74 |         74 |       0 |    0 |  138 |      0 |      0 |          0 |
|               ar_reg_stall                                        |                      accelerator_dma_hp0_smartconnect_0_sc_util_v1_0_4_axi_reg_stall_47 |         37 |         37 |       0 |    0 |   84 |      0 |      0 |          0 |
|               ar_sreg                                             |                      accelerator_dma_hp0_smartconnect_0_sc_util_v1_0_4_axi_reg_stall_48 |         37 |         37 |       0 |    0 |   86 |      0 |      0 |          0 |
|         s00_nodes                                                 |                                accelerator_dma_hp0_smartconnect_0_s00_nodes_imp_15T4Q65 |        241 |        141 |     100 |    0 |  241 |      0 |      0 |          0 |
|           s00_ar_node                                             |                                       accelerator_dma_hp0_smartconnect_0_bd_569a_sarn_0 |        128 |         74 |      54 |    0 |  124 |      0 |      0 |          0 |
|             inst                                                  |                  accelerator_dma_hp0_smartconnect_0_sc_node_v1_0_19_top__parameterized4 |        128 |         74 |      54 |    0 |  124 |      0 |      0 |          0 |
|               inst_mi_handler                                     |           accelerator_dma_hp0_smartconnect_0_sc_node_v1_0_19_mi_handler__parameterized4 |        124 |         70 |      54 |    0 |  119 |      0 |      0 |          0 |
|                 gen_normal_area.inst_fifo_node_payld              |              accelerator_dma_hp0_smartconnect_0_sc_node_v1_0_19_fifo__parameterized7_37 |         93 |         39 |      54 |    0 |   93 |      0 |      0 |          0 |
|                   gen_xpm_memory_fifo.inst_fifo                   |    accelerator_dma_hp0_smartconnect_0_sc_util_v1_0_4_xpm_memory_fifo__parameterized7_39 |         93 |         39 |      54 |    0 |   93 |      0 |      0 |          0 |
|                     gen_mem_rep[0].inst_xpm_memory                |                    accelerator_dma_hp0_smartconnect_0_xpm_memory_sdpram__parameterized7 |         54 |          0 |      54 |    0 |   71 |      0 |      0 |          0 |
|                       xpm_memory_base_inst                        |                      accelerator_dma_hp0_smartconnect_0_xpm_memory_base__parameterized7 |         54 |          0 |      54 |    0 |   71 |      0 |      0 |          0 |
|           s00_r_node                                              |                                        accelerator_dma_hp0_smartconnect_0_bd_569a_srn_0 |        113 |         67 |      46 |    0 |  117 |      0 |      0 |          0 |
|             inst                                                  |                  accelerator_dma_hp0_smartconnect_0_sc_node_v1_0_19_top__parameterized5 |        113 |         67 |      46 |    0 |  117 |      0 |      0 |          0 |
|               inst_mi_handler                                     |           accelerator_dma_hp0_smartconnect_0_sc_node_v1_0_19_mi_handler__parameterized5 |        108 |         62 |      46 |    0 |  112 |      0 |      0 |          0 |
|                 gen_normal_area.inst_fifo_node_payld              |                 accelerator_dma_hp0_smartconnect_0_sc_node_v1_0_19_fifo__parameterized8 |         73 |         27 |      46 |    0 |   88 |      0 |      0 |          0 |
|                   gen_xpm_memory_fifo.inst_fifo                   |       accelerator_dma_hp0_smartconnect_0_sc_util_v1_0_4_xpm_memory_fifo__parameterized8 |         73 |         27 |      46 |    0 |   88 |      0 |      0 |          0 |
|                     gen_mem_rep[0].inst_xpm_memory                |                    accelerator_dma_hp0_smartconnect_0_xpm_memory_sdpram__parameterized8 |         46 |          0 |      46 |    0 |   67 |      0 |      0 |          0 |
|                       xpm_memory_base_inst                        |                      accelerator_dma_hp0_smartconnect_0_xpm_memory_base__parameterized8 |         46 |          0 |      46 |    0 |   67 |      0 |      0 |          0 |
|         s01_entry_pipeline                                        |                        accelerator_dma_hp0_smartconnect_0_s01_entry_pipeline_imp_6RNE0J |        189 |        186 |       0 |    3 |  375 |      0 |      0 |          0 |
|           s01_mmu                                                 |                                     accelerator_dma_hp0_smartconnect_0_bd_569a_s01mmu_0 |        151 |        151 |       0 |    0 |  360 |      0 |      0 |          0 |
|             inst                                                  |                   accelerator_dma_hp0_smartconnect_0_sc_mmu_v1_0_16_top__parameterized0 |        151 |        151 |       0 |    0 |  360 |      0 |      0 |          0 |
|               w_sreg                                              |                      accelerator_dma_hp0_smartconnect_0_sc_util_v1_0_4_axi_reg_stall_26 |         45 |         45 |       0 |    0 |  150 |      0 |      0 |          0 |
|               aw_reg_stall                                        |                         accelerator_dma_hp0_smartconnect_0_sc_util_v1_0_4_axi_reg_stall |         34 |         34 |       0 |    0 |   86 |      0 |      0 |          0 |
|               aw_sreg                                             |                      accelerator_dma_hp0_smartconnect_0_sc_util_v1_0_4_axi_reg_stall_24 |         50 |         50 |       0 |    0 |   88 |      0 |      0 |          0 |
|         s01_nodes                                                 |                                 accelerator_dma_hp0_smartconnect_0_s01_nodes_imp_38613F |        324 |        216 |     108 |    0 |  299 |      0 |      0 |          0 |
|           s01_aw_node                                             |                                       accelerator_dma_hp0_smartconnect_0_bd_569a_sawn_0 |        124 |         74 |      50 |    0 |  120 |      0 |      0 |          0 |
|             inst                                                  |                  accelerator_dma_hp0_smartconnect_0_sc_node_v1_0_19_top__parameterized6 |        124 |         74 |      50 |    0 |  120 |      0 |      0 |          0 |
|               inst_mi_handler                                     |           accelerator_dma_hp0_smartconnect_0_sc_node_v1_0_19_mi_handler__parameterized6 |        120 |         70 |      50 |    0 |  115 |      0 |      0 |          0 |
|                 gen_normal_area.inst_fifo_node_payld              |                 accelerator_dma_hp0_smartconnect_0_sc_node_v1_0_19_fifo__parameterized7 |         89 |         39 |      50 |    0 |   89 |      0 |      0 |          0 |
|                   gen_xpm_memory_fifo.inst_fifo                   |       accelerator_dma_hp0_smartconnect_0_sc_util_v1_0_4_xpm_memory_fifo__parameterized7 |         89 |         39 |      50 |    0 |   89 |      0 |      0 |          0 |
|                     gen_mem_rep[0].inst_xpm_memory                |                 accelerator_dma_hp0_smartconnect_0_xpm_memory_sdpram__parameterized7__1 |         50 |          0 |      50 |    0 |   67 |      0 |      0 |          0 |
|                       xpm_memory_base_inst                        |                   accelerator_dma_hp0_smartconnect_0_xpm_memory_base__parameterized7__1 |         50 |          0 |      50 |    0 |   67 |      0 |      0 |          0 |
|           s01_b_node                                              |                                        accelerator_dma_hp0_smartconnect_0_bd_569a_sbn_0 |         71 |         67 |       4 |    0 |   52 |      0 |      0 |          0 |
|             inst                                                  |                  accelerator_dma_hp0_smartconnect_0_sc_node_v1_0_19_top__parameterized7 |         71 |         67 |       4 |    0 |   52 |      0 |      0 |          0 |
|           s01_w_node                                              |                                        accelerator_dma_hp0_smartconnect_0_bd_569a_swn_0 |        130 |         76 |      54 |    0 |  127 |      0 |      0 |          0 |
|             inst                                                  |                  accelerator_dma_hp0_smartconnect_0_sc_node_v1_0_19_top__parameterized8 |        130 |         76 |      54 |    0 |  127 |      0 |      0 |          0 |
|               inst_mi_handler                                     |           accelerator_dma_hp0_smartconnect_0_sc_node_v1_0_19_mi_handler__parameterized8 |        126 |         72 |      54 |    0 |  122 |      0 |      0 |          0 |
|                 gen_normal_area.inst_fifo_node_payld              |                accelerator_dma_hp0_smartconnect_0_sc_node_v1_0_19_fifo__parameterized10 |         91 |         39 |      52 |    0 |   94 |      0 |      0 |          0 |
|                   gen_xpm_memory_fifo.inst_fifo                   |      accelerator_dma_hp0_smartconnect_0_sc_util_v1_0_4_xpm_memory_fifo__parameterized10 |         91 |         39 |      52 |    0 |   94 |      0 |      0 |          0 |
|                     gen_mem_rep[0].inst_xpm_memory                |                   accelerator_dma_hp0_smartconnect_0_xpm_memory_sdpram__parameterized10 |         52 |          0 |      52 |    0 |   72 |      0 |      0 |          0 |
|                       xpm_memory_base_inst                        |                     accelerator_dma_hp0_smartconnect_0_xpm_memory_base__parameterized10 |         52 |          0 |      52 |    0 |   72 |      0 |      0 |          0 |
|         switchboards                                              |                             accelerator_dma_hp0_smartconnect_0_switchboards_imp_1YAMQUH |          1 |          1 |       0 |    0 |  280 |      0 |      0 |          0 |
|           ar_switchboard                                          |                                       accelerator_dma_hp0_smartconnect_0_bd_569a_arsw_0 |          0 |          0 |       0 |    0 |   71 |      0 |      0 |          0 |
|             inst                                                  |                            accelerator_dma_hp0_smartconnect_0_sc_switchboard_v1_0_9_top |          0 |          0 |       0 |    0 |   71 |      0 |      0 |          0 |
|               gen_mi[0].inst_opipe_payld                          |            accelerator_dma_hp0_smartconnect_0_sc_util_v1_0_4_pipeline__parameterized8_0 |          0 |          0 |       0 |    0 |   71 |      0 |      0 |          0 |
|           aw_switchboard                                          |                                       accelerator_dma_hp0_smartconnect_0_bd_569a_awsw_0 |          1 |          1 |       0 |    0 |   67 |      0 |      0 |          0 |
|             inst                                                  |                         accelerator_dma_hp0_smartconnect_0_sc_switchboard_v1_0_9_top__1 |          1 |          1 |       0 |    0 |   67 |      0 |      0 |          0 |
|               gen_mi[0].inst_opipe_payld                          |              accelerator_dma_hp0_smartconnect_0_sc_util_v1_0_4_pipeline__parameterized8 |          1 |          1 |       0 |    0 |   67 |      0 |      0 |          0 |
|           r_switchboard                                           |                                        accelerator_dma_hp0_smartconnect_0_bd_569a_rsw_0 |          0 |          0 |       0 |    0 |   67 |      0 |      0 |          0 |
|             inst                                                  |            accelerator_dma_hp0_smartconnect_0_sc_switchboard_v1_0_9_top__parameterized1 |          0 |          0 |       0 |    0 |   67 |      0 |      0 |          0 |
|               gen_mi[0].inst_opipe_payld                          |             accelerator_dma_hp0_smartconnect_0_sc_util_v1_0_4_pipeline__parameterized10 |          0 |          0 |       0 |    0 |   67 |      0 |      0 |          0 |
|           w_switchboard                                           |                                        accelerator_dma_hp0_smartconnect_0_bd_569a_wsw_0 |          0 |          0 |       0 |    0 |   72 |      0 |      0 |          0 |
|             inst                                                  |            accelerator_dma_hp0_smartconnect_0_sc_switchboard_v1_0_9_top__parameterized2 |          0 |          0 |       0 |    0 |   72 |      0 |      0 |          0 |
|               gen_mi[0].inst_opipe_payld                          |             accelerator_dma_hp0_smartconnect_0_sc_util_v1_0_4_pipeline__parameterized11 |          0 |          0 |       0 |    0 |   72 |      0 |      0 |          0 |
|     axi_dma_0                                                     |                                                             accelerator_dma_axi_dma_0_0 |       1613 |       1502 |       8 |  103 | 2375 |      2 |      2 |          0 |
|       U0                                                          |                                                     accelerator_dma_axi_dma_0_0_axi_dma |       1613 |       1502 |       8 |  103 | 2375 |      2 |      2 |          0 |
|         INCLUDE_MM2S_SOF_EOF_GENERATOR.I_MM2S_DMA_MNGR            |                                           accelerator_dma_axi_dma_0_0_axi_dma_mm2s_mngr |         19 |         19 |       0 |    0 |   72 |      0 |      0 |          0 |
|           GEN_MM2S_DMA_CONTROL.GEN_SIMPLE_DMA_MODE.I_MM2S_SMPL_SM |                                         accelerator_dma_axi_dma_0_0_axi_dma_smple_sm_20 |         12 |         12 |       0 |    0 |   61 |      0 |      0 |          0 |
|         INCLUDE_S2MM_SOF_EOF_GENERATOR.I_S2MM_DMA_MNGR            |                                           accelerator_dma_axi_dma_0_0_axi_dma_s2mm_mngr |         31 |         31 |       0 |    0 |   96 |      0 |      0 |          0 |
|           GEN_S2MM_DMA_CONTROL.GEN_SIMPLE_DMA_MODE.I_S2MM_SMPL_SM |                                            accelerator_dma_axi_dma_0_0_axi_dma_smple_sm |         12 |         12 |       0 |    0 |   61 |      0 |      0 |          0 |
|         I_AXI_DMA_REG_MODULE                                      |                                          accelerator_dma_axi_dma_0_0_axi_dma_reg_module |        136 |        136 |       0 |    0 |  257 |      0 |      0 |          0 |
|           GEN_AXI_LITE_IF.AXI_LITE_IF_I                           |                                             accelerator_dma_axi_dma_0_0_axi_dma_lite_if |        102 |        102 |       0 |    0 |   85 |      0 |      0 |          0 |
|           GEN_MM2S_REGISTERS.I_MM2S_DMA_REGISTER                  |                                            accelerator_dma_axi_dma_0_0_axi_dma_register |         22 |         22 |       0 |    0 |   86 |      0 |      0 |          0 |
|           GEN_S2MM_REGISTERS.I_S2MM_DMA_REGISTER                  |                                       accelerator_dma_axi_dma_0_0_axi_dma_register_s2mm |         13 |         13 |       0 |    0 |   86 |      0 |      0 |          0 |
|         I_PRMRY_DATAMOVER                                         |                                               accelerator_dma_axi_dma_0_0_axi_datamover |       1410 |       1299 |       8 |  103 | 1912 |      2 |      2 |          0 |
|           GEN_MM2S_FULL.I_MM2S_FULL_WRAPPER                       |                                accelerator_dma_axi_dma_0_0_axi_datamover_mm2s_full_wrap |        452 |        416 |       0 |   36 |  570 |      1 |      1 |          0 |
|             ENABLE_AXIS_SKID.I_MM2S_SKID_BUF                      |                                    accelerator_dma_axi_dma_0_0_axi_datamover_skid_buf_8 |         78 |         78 |       0 |    0 |  153 |      0 |      0 |          0 |
|             GEN_INCLUDE_MM2S_SF.I_RD_SF                           |                                         accelerator_dma_axi_dma_0_0_axi_datamover_rd_sf |         78 |         78 |       0 |    0 |   59 |      1 |      1 |          0 |
|               I_DATA_FIFO                                         |                                  accelerator_dma_axi_dma_0_0_axi_datamover_sfifo_autord |         67 |         67 |       0 |    0 |   47 |      1 |      1 |          0 |
|                 BLK_MEM.I_SYNC_FIFOGEN_FIFO                       |                                               accelerator_dma_axi_dma_0_0_xpm_fifo_sync |         56 |         56 |       0 |    0 |   47 |      1 |      1 |          0 |
|                   xpm_fifo_base_inst                              |                                               accelerator_dma_axi_dma_0_0_xpm_fifo_base |         56 |         56 |       0 |    0 |   47 |      1 |      1 |          0 |
|             I_CMD_STATUS                                          |                                    accelerator_dma_axi_dma_0_0_axi_datamover_cmd_status |         10 |         10 |       0 |    0 |   67 |      0 |      0 |          0 |
|               I_CMD_FIFO                                          |                                       accelerator_dma_axi_dma_0_0_axi_datamover_fifo_10 |          3 |          3 |       0 |    0 |   61 |      0 |      0 |          0 |
|             I_MSTR_PCC                                            |                                           accelerator_dma_axi_dma_0_0_axi_datamover_pcc |        186 |        186 |       0 |    0 |  178 |      0 |      0 |          0 |
|           GEN_S2MM_FULL.I_S2MM_FULL_WRAPPER                       |                                accelerator_dma_axi_dma_0_0_axi_datamover_s2mm_full_wrap |        958 |        883 |       8 |   67 | 1342 |      1 |      1 |          0 |
|             ENABLE_AXIS_SKID.I_S2MM_STRM_SKID_BUF                 |                                      accelerator_dma_axi_dma_0_0_axi_datamover_skid_buf |         84 |         84 |       0 |    0 |  152 |      0 |      0 |          0 |
|             GEN_ENABLE_INDET_BTT_SF.I_INDET_BTT                   |                                     accelerator_dma_axi_dma_0_0_axi_datamover_indet_btt |        208 |        200 |       8 |    0 |  270 |      1 |      1 |          0 |
|               I_XD_FIFO                                           |                  accelerator_dma_axi_dma_0_0_axi_datamover_sfifo_autord__parameterized0 |         60 |         52 |       8 |    0 |   56 |      0 |      0 |          0 |
|                 NON_BLK_MEM.I_SYNC_FIFOGEN_FIFO                   |                               accelerator_dma_axi_dma_0_0_xpm_fifo_sync__parameterized1 |         44 |         36 |       8 |    0 |   56 |      0 |      0 |          0 |
|                   xpm_fifo_base_inst                              |                               accelerator_dma_axi_dma_0_0_xpm_fifo_base__parameterized0 |         44 |         36 |       8 |    0 |   56 |      0 |      0 |          0 |
|               ENABLE_AXIS_SKID.I_INDET_BTT_SKID_BUF               |                      accelerator_dma_axi_dma_0_0_axi_datamover_skid_buf__parameterized0 |         87 |         87 |       0 |    0 |  160 |      0 |      0 |          0 |
|             GEN_INCLUDE_IBTTCC.I_S2MM_MSTR_IBTTCC                 |                                        accelerator_dma_axi_dma_0_0_axi_datamover_ibttcc |        150 |        150 |       0 |    0 |  239 |      0 |      0 |          0 |
|             GEN_INCLUDE_REALIGNER.I_S2MM_REALIGNER                |                                  accelerator_dma_axi_dma_0_0_axi_datamover_s2mm_realign |        273 |        250 |       0 |   23 |  263 |      0 |      0 |          0 |
|               GEN_INCLUDE_SCATTER.I_S2MM_SCATTER                  |                                  accelerator_dma_axi_dma_0_0_axi_datamover_s2mm_scatter |        246 |        237 |       0 |    9 |  250 |      0 |      0 |          0 |
|                 (GEN_INCLUDE_SCATTER.I_S2MM_SCATTER)              |                                  accelerator_dma_axi_dma_0_0_axi_datamover_s2mm_scatter |         74 |         74 |       0 |    0 |   67 |      0 |      0 |          0 |
|                 I_MSSAI_SKID_BUF                                  |                                accelerator_dma_axi_dma_0_0_axi_datamover_mssai_skid_buf |        118 |        118 |       0 |    0 |  156 |      0 |      0 |          0 |
|             I_CMD_STATUS                                          |                    accelerator_dma_axi_dma_0_0_axi_datamover_cmd_status__parameterized0 |         22 |         22 |       0 |    0 |   91 |      0 |      0 |          0 |
|               I_CMD_FIFO                                          |                                          accelerator_dma_axi_dma_0_0_axi_datamover_fifo |          5 |          5 |       0 |    0 |   61 |      0 |      0 |          0 |
|             I_S2MM_MMAP_SKID_BUF                                  |                                   accelerator_dma_axi_dma_0_0_axi_datamover_skid2mm_buf |         69 |         69 |       0 |    0 |  151 |      0 |      0 |          0 |
|             I_WR_DATA_CNTL                                        |                                   accelerator_dma_axi_dma_0_0_axi_datamover_wrdata_cntl |         87 |         79 |       0 |    8 |   62 |      0 |      0 |          0 |
|               (I_WR_DATA_CNTL)                                    |                                   accelerator_dma_axi_dma_0_0_axi_datamover_wrdata_cntl |         53 |         53 |       0 |    0 |   56 |      0 |      0 |          0 |
|     axi_lite_smartconnect                                         |                                                 accelerator_dma_axi_lite_smartconnect_0 |        610 |        609 |       0 |    1 |  760 |      0 |      0 |          0 |
|       inst                                                        |                                         accelerator_dma_axi_lite_smartconnect_0_bd_a038 |        610 |        609 |       0 |    1 |  760 |      0 |      0 |          0 |
|         s00_entry_pipeline                                        |                   accelerator_dma_axi_lite_smartconnect_0_s00_entry_pipeline_imp_C4A77E |        414 |        414 |       0 |    0 |  450 |      0 |      0 |          0 |
|           s00_mmu                                                 |                                accelerator_dma_axi_lite_smartconnect_0_bd_a038_s00mmu_0 |        182 |        182 |       0 |    0 |  224 |      0 |      0 |          0 |
|             inst                                                  |                              accelerator_dma_axi_lite_smartconnect_0_sc_mmu_v1_0_16_top |        182 |        182 |       0 |    0 |  224 |      0 |      0 |          0 |
|               gen_endpoint.decerr_slave_inst                      |                     accelerator_dma_axi_lite_smartconnect_0_sc_mmu_v1_0_16_decerr_slave |         60 |         60 |       0 |    0 |   41 |      0 |      0 |          0 |
|               ar_reg_stall                                        |    accelerator_dma_axi_lite_smartconnect_0_sc_util_v1_0_4_axi_reg_stall__parameterized0 |         47 |         47 |       0 |    0 |   80 |      0 |      0 |          0 |
|               aw_reg_stall                                        | accelerator_dma_axi_lite_smartconnect_0_sc_util_v1_0_4_axi_reg_stall__parameterized0_12 |         40 |         40 |       0 |    0 |   80 |      0 |      0 |          0 |
|           s00_si_converter                                        |                                accelerator_dma_axi_lite_smartconnect_0_bd_a038_s00sic_0 |        226 |        226 |       0 |    0 |  194 |      0 |      0 |          0 |
|             inst                                                  |                     accelerator_dma_axi_lite_smartconnect_0_sc_si_converter_v1_0_16_top |        226 |        226 |       0 |    0 |  194 |      0 |      0 |          0 |
|               gen_axilite_conv.axilite_conv_inst                  |            accelerator_dma_axi_lite_smartconnect_0_sc_si_converter_v1_0_16_axilite_conv |        224 |        224 |       0 |    0 |  190 |      0 |      0 |          0 |
|         switchboards                                              |                         accelerator_dma_axi_lite_smartconnect_0_switchboards_imp_NTXCL0 |         94 |         94 |       0 |    0 |  183 |      0 |      0 |          0 |
|           i_nodes                                                 |                             accelerator_dma_axi_lite_smartconnect_0_i_nodes_imp_14G1YH8 |         76 |         76 |       0 |    0 |  183 |      0 |      0 |          0 |
|             i_r_node                                              |                                   accelerator_dma_axi_lite_smartconnect_0_bd_a038_rni_0 |         22 |         22 |       0 |    0 |   55 |      0 |      0 |          0 |
|               inst                                                |            accelerator_dma_axi_lite_smartconnect_0_sc_node_v1_0_19_top__parameterized12 |         22 |         22 |       0 |    0 |   55 |      0 |      0 |          0 |
|     conv_axis_wrapper_bd_0                                        |                                                accelerator_dma_conv_axis_wrapper_bd_0_0 |       2883 |       2339 |      96 |  448 | 2062 |      0 |      0 |          0 |
|       U0                                                          |                           accelerator_dma_conv_axis_wrapper_bd_0_0_conv_axis_wrapper_bd |       2883 |       2339 |      96 |  448 | 2062 |      0 |      0 |          0 |
|         accelerator_i                                             |                              accelerator_dma_conv_axis_wrapper_bd_0_0_conv_axis_wrapper |       2883 |       2339 |      96 |  448 | 2062 |      0 |      0 |          0 |
|           output_serializer_inst                                  |                   accelerator_dma_conv_axis_wrapper_bd_0_0_axi_stream_output_serializer |        149 |        103 |      46 |    0 |   92 |      0 |      0 |          0 |
|             (output_serializer_inst)                              |                   accelerator_dma_conv_axis_wrapper_bd_0_0_axi_stream_output_serializer |          6 |          6 |       0 |    0 |   75 |      0 |      0 |          0 |
|             fifo_inst                                             |                                      accelerator_dma_conv_axis_wrapper_bd_0_0_sync_fifo |        143 |         97 |      46 |    0 |   17 |      0 |      0 |          0 |
|           conv_top_inst                                           |                                       accelerator_dma_conv_axis_wrapper_bd_0_0_conv_top |       2470 |       2022 |       0 |  448 | 1865 |      0 |      0 |          0 |
|             wingen_inst                                           |                               accelerator_dma_conv_axis_wrapper_bd_0_0_window_generator |         37 |         21 |       0 |   16 |  132 |      0 |      0 |          0 |
|             axi_ctrl_inst                                         |                                  accelerator_dma_conv_axis_wrapper_bd_0_0_axi_lite_ctrl |        813 |        813 |       0 |    0 |  722 |      0 |      0 |          0 |
|               (axi_ctrl_inst)                                     |                                  accelerator_dma_conv_axis_wrapper_bd_0_0_axi_lite_ctrl |        516 |        516 |       0 |    0 |  314 |      0 |      0 |          0 |
|               regfile_inst                                        |                       accelerator_dma_conv_axis_wrapper_bd_0_0_coeff_bias_shift_regfile |        297 |        297 |       0 |    0 |  408 |      0 |      0 |          0 |
|             engine_inst                                           |                                    accelerator_dma_conv_axis_wrapper_bd_0_0_conv_engine |       1620 |       1188 |       0 |  432 | 1011 |      0 |      0 |          0 |
|               (engine_inst)                                       |                                    accelerator_dma_conv_axis_wrapper_bd_0_0_conv_engine |         95 |         95 |       0 |    0 |  180 |      0 |      0 |          0 |
|               gen_channels[0].channel_inst                        |                                   accelerator_dma_conv_axis_wrapper_bd_0_0_conv_channel |        381 |        273 |       0 |  108 |  211 |      0 |      0 |          0 |
|                 (gen_channels[0].channel_inst)                    |                                   accelerator_dma_conv_axis_wrapper_bd_0_0_conv_channel |         77 |         77 |       0 |    0 |  110 |      0 |      0 |          0 |
|                 gen_bitheap_3x3.bitheap_inst                      |                         accelerator_dma_conv_axis_wrapper_bd_0_0_cfglut5_bitheap_3x3_32 |        196 |        196 |       0 |    0 |  101 |      0 |      0 |          0 |
|               gen_channels[1].channel_inst                        |                                 accelerator_dma_conv_axis_wrapper_bd_0_0_conv_channel_1 |        380 |        272 |       0 |  108 |  206 |      0 |      0 |          0 |
|                 (gen_channels[1].channel_inst)                    |                                 accelerator_dma_conv_axis_wrapper_bd_0_0_conv_channel_1 |         76 |         76 |       0 |    0 |  106 |      0 |      0 |          0 |
|                 gen_bitheap_3x3.bitheap_inst                      |                         accelerator_dma_conv_axis_wrapper_bd_0_0_cfglut5_bitheap_3x3_22 |        196 |        196 |       0 |    0 |  100 |      0 |      0 |          0 |
|               gen_channels[2].channel_inst                        |                                 accelerator_dma_conv_axis_wrapper_bd_0_0_conv_channel_2 |        380 |        272 |       0 |  108 |  206 |      0 |      0 |          0 |
|                 (gen_channels[2].channel_inst)                    |                                 accelerator_dma_conv_axis_wrapper_bd_0_0_conv_channel_2 |         76 |         76 |       0 |    0 |  106 |      0 |      0 |          0 |
|                 gen_bitheap_3x3.bitheap_inst                      |                         accelerator_dma_conv_axis_wrapper_bd_0_0_cfglut5_bitheap_3x3_12 |        196 |        196 |       0 |    0 |  100 |      0 |      0 |          0 |
|               gen_channels[3].channel_inst                        |                                 accelerator_dma_conv_axis_wrapper_bd_0_0_conv_channel_3 |        384 |        276 |       0 |  108 |  208 |      0 |      0 |          0 |
|                 (gen_channels[3].channel_inst)                    |                                 accelerator_dma_conv_axis_wrapper_bd_0_0_conv_channel_3 |         80 |         80 |       0 |    0 |  107 |      0 |      0 |          0 |
|                 gen_bitheap_3x3.bitheap_inst                      |                            accelerator_dma_conv_axis_wrapper_bd_0_0_cfglut5_bitheap_3x3 |        196 |        196 |       0 |    0 |  101 |      0 |      0 |          0 |
|           input_frontend_inst                                     |                      accelerator_dma_conv_axis_wrapper_bd_0_0_axi_stream_input_frontend |        263 |        213 |      50 |    0 |  105 |      0 |      0 |          0 |
|             (input_frontend_inst)                                 |                      accelerator_dma_conv_axis_wrapper_bd_0_0_axi_stream_input_frontend |         70 |         70 |       0 |    0 |   88 |      0 |      0 |          0 |
|             fifo_inst                                             |                                    accelerator_dma_conv_axis_wrapper_bd_0_0_sync_fifo_0 |        198 |        148 |      50 |    0 |   17 |      0 |      0 |          0 |
+-------------------------------------------------------------------+-----------------------------------------------------------------------------------------+------------+------------+---------+------+------+--------+--------+------------+
* Note: The sum of lower-level cells may be larger than their parent cells total, due to cross-hierarchy LUT combining


