Time resolution is 1 ps
Note: --- WRAPPER A: reset / discovery / pre-START gating ---
Time: 0 ps  Iteration: 0  Process: /tb_conv_axis_wrapper/stim_proc  File: D:/MyProjects/Convlution_Accelerator/Convlution_Accelerator.srcs/sim_1/imports/new/tb_conv_axis_wrapper.vhd
Note: --- WRAPPER A PASS ---
Time: 440 ns  Iteration: 0  Process: /tb_conv_axis_wrapper/stim_proc  File: D:/MyProjects/Convlution_Accelerator/Convlution_Accelerator.srcs/sim_1/imports/new/tb_conv_axis_wrapper.vhd
Note: --- WRAPPER B: complete parameter admission ---
Time: 440 ns  Iteration: 0  Process: /tb_conv_axis_wrapper/stim_proc  File: D:/MyProjects/Convlution_Accelerator/Convlution_Accelerator.srcs/sim_1/imports/new/tb_conv_axis_wrapper.vhd
Note: --- WRAPPER B PASS ---
Time: 53568 ns  Iteration: 0  Process: /tb_conv_axis_wrapper/stim_proc  File: D:/MyProjects/Convlution_Accelerator/Convlution_Accelerator.srcs/sim_1/imports/new/tb_conv_axis_wrapper.vhd
Note: --- WRAPPER C: full real-chain frame under backpressure ---
Time: 53568 ns  Iteration: 0  Process: /tb_conv_axis_wrapper/stim_proc  File: D:/MyProjects/Convlution_Accelerator/Convlution_Accelerator.srcs/sim_1/imports/new/tb_conv_axis_wrapper.vhd
Note: WINDOW_METRICS seq=1 prefetch=true invalid_advances=32 first_to_last=21400000 ps
Time: 76220 ns  Iteration: 0  Process: /tb_conv_axis_wrapper/dut/conv_top_inst/window_protocol_check  File: D:/MyProjects/Convlution_Accelerator/Convlution_Accelerator.srcs/sources_1/new/conv_top.vhd
Note: EDGE_METRICS prefetch=true ready_mode=2 gaps=0 first_to_last=21664000 ps
Time: 76556 ns  Iteration: 0  Process: /tb_conv_axis_wrapper/output_monitor  File: D:/MyProjects/Convlution_Accelerator/Convlution_Accelerator.srcs/sim_1/imports/new/tb_conv_axis_wrapper.vhd
Note: EDGE_LATENCY start_to_first_output=1292000 ps
Time: 76556 ns  Iteration: 0  Process: /tb_conv_axis_wrapper/output_monitor  File: D:/MyProjects/Convlution_Accelerator/Convlution_Accelerator.srcs/sim_1/imports/new/tb_conv_axis_wrapper.vhd
Note: --- WRAPPER C PASS ---
Time: 76704 ns  Iteration: 0  Process: /tb_conv_axis_wrapper/stim_proc  File: D:/MyProjects/Convlution_Accelerator/Convlution_Accelerator.srcs/sim_1/imports/new/tb_conv_axis_wrapper.vhd
Note: --- WRAPPER D: repeated START with NO RESET ---
Time: 76704 ns  Iteration: 0  Process: /tb_conv_axis_wrapper/stim_proc  File: D:/MyProjects/Convlution_Accelerator/Convlution_Accelerator.srcs/sim_1/imports/new/tb_conv_axis_wrapper.vhd
Note: WINDOW_METRICS seq=2 prefetch=true invalid_advances=62 first_to_last=16560000 ps
Time: 94516 ns  Iteration: 0  Process: /tb_conv_axis_wrapper/dut/conv_top_inst/window_protocol_check  File: D:/MyProjects/Convlution_Accelerator/Convlution_Accelerator.srcs/sources_1/new/conv_top.vhd
Note: EDGE_METRICS prefetch=true ready_mode=1 gaps=31 first_to_last=16624000 ps
Time: 94652 ns  Iteration: 0  Process: /tb_conv_axis_wrapper/output_monitor  File: D:/MyProjects/Convlution_Accelerator/Convlution_Accelerator.srcs/sim_1/imports/new/tb_conv_axis_wrapper.vhd
Note: EDGE_LATENCY start_to_first_output=1292000 ps
Time: 94652 ns  Iteration: 0  Process: /tb_conv_axis_wrapper/output_monitor  File: D:/MyProjects/Convlution_Accelerator/Convlution_Accelerator.srcs/sim_1/imports/new/tb_conv_axis_wrapper.vhd
Note: EDGE_LATENCY start_to_done=17968000 ps
Time: 94704 ns  Iteration: 0  Process: /tb_conv_axis_wrapper/stim_proc  File: D:/MyProjects/Convlution_Accelerator/Convlution_Accelerator.srcs/sim_1/imports/new/tb_conv_axis_wrapper.vhd
Note: --- WRAPPER D PASS: repeated full chain works WITHOUT RESET ---
Time: 94800 ns  Iteration: 0  Process: /tb_conv_axis_wrapper/stim_proc  File: D:/MyProjects/Convlution_Accelerator/Convlution_Accelerator.srcs/sim_1/imports/new/tb_conv_axis_wrapper.vhd
Note: --- WRAPPER E: malformed input framing -> FAULT ---
Time: 94800 ns  Iteration: 0  Process: /tb_conv_axis_wrapper/stim_proc  File: D:/MyProjects/Convlution_Accelerator/Convlution_Accelerator.srcs/sim_1/imports/new/tb_conv_axis_wrapper.vhd
Note: --- WRAPPER E PASS ---
Time: 95096 ns  Iteration: 0  Process: /tb_conv_axis_wrapper/stim_proc  File: D:/MyProjects/Convlution_Accelerator/Convlution_Accelerator.srcs/sim_1/imports/new/tb_conv_axis_wrapper.vhd
Note: --- WRAPPER F: ABORT while queued output is externally stalled ---
Time: 95096 ns  Iteration: 0  Process: /tb_conv_axis_wrapper/stim_proc  File: D:/MyProjects/Convlution_Accelerator/Convlution_Accelerator.srcs/sim_1/imports/new/tb_conv_axis_wrapper.vhd
Note: --- WRAPPER F PASS ---
Time: 96664 ns  Iteration: 0  Process: /tb_conv_axis_wrapper/stim_proc  File: D:/MyProjects/Convlution_Accelerator/Convlution_Accelerator.srcs/sim_1/imports/new/tb_conv_axis_wrapper.vhd
Note: --- WRAPPER G: RESET recovery after ABORT ---
Time: 96664 ns  Iteration: 0  Process: /tb_conv_axis_wrapper/stim_proc  File: D:/MyProjects/Convlution_Accelerator/Convlution_Accelerator.srcs/sim_1/imports/new/tb_conv_axis_wrapper.vhd
Note: --- WRAPPER G PASS ---
Time: 96792 ns  Iteration: 0  Process: /tb_conv_axis_wrapper/stim_proc  File: D:/MyProjects/Convlution_Accelerator/Convlution_Accelerator.srcs/sim_1/imports/new/tb_conv_axis_wrapper.vhd
Note: --- WRAPPER H: post-recovery full end-to-end frame ---
Time: 96792 ns  Iteration: 0  Process: /tb_conv_axis_wrapper/stim_proc  File: D:/MyProjects/Convlution_Accelerator/Convlution_Accelerator.srcs/sim_1/imports/new/tb_conv_axis_wrapper.vhd
Note: WINDOW_METRICS seq=3 prefetch=true invalid_advances=42 first_to_last=21488000 ps
Time: 119532 ns  Iteration: 0  Process: /tb_conv_axis_wrapper/dut/conv_top_inst/window_protocol_check  File: D:/MyProjects/Convlution_Accelerator/Convlution_Accelerator.srcs/sources_1/new/conv_top.vhd
Note: EDGE_METRICS prefetch=true ready_mode=2 gaps=0 first_to_last=21776000 ps
Time: 119892 ns  Iteration: 0  Process: /tb_conv_axis_wrapper/output_monitor  File: D:/MyProjects/Convlution_Accelerator/Convlution_Accelerator.srcs/sim_1/imports/new/tb_conv_axis_wrapper.vhd
Note: EDGE_LATENCY start_to_first_output=1292000 ps
Time: 119892 ns  Iteration: 0  Process: /tb_conv_axis_wrapper/output_monitor  File: D:/MyProjects/Convlution_Accelerator/Convlution_Accelerator.srcs/sim_1/imports/new/tb_conv_axis_wrapper.vhd
Note: --- WRAPPER H PASS ---
Time: 120040 ns  Iteration: 0  Process: /tb_conv_axis_wrapper/stim_proc  File: D:/MyProjects/Convlution_Accelerator/Convlution_Accelerator.srcs/sim_1/imports/new/tb_conv_axis_wrapper.vhd
Note: ============================================================
Time: 120040 ns  Iteration: 0  Process: /tb_conv_axis_wrapper/stim_proc  File: D:/MyProjects/Convlution_Accelerator/Convlution_Accelerator.srcs/sim_1/imports/new/tb_conv_axis_wrapper.vhd
Note:  CONV_AXIS_WRAPPER COMPLETE M4 INTEGRATION REGRESSION PASS 
Time: 120040 ns  Iteration: 0  Process: /tb_conv_axis_wrapper/stim_proc  File: D:/MyProjects/Convlution_Accelerator/Convlution_Accelerator.srcs/sim_1/imports/new/tb_conv_axis_wrapper.vhd
Note: ============================================================
Time: 120040 ns  Iteration: 0  Process: /tb_conv_axis_wrapper/stim_proc  File: D:/MyProjects/Convlution_Accelerator/Convlution_Accelerator.srcs/sim_1/imports/new/tb_conv_axis_wrapper.vhd
$finish called at time : 120040 ns : File "D:/MyProjects/Convlution_Accelerator/Convlution_Accelerator.srcs/sim_1/imports/new/tb_conv_axis_wrapper.vhd" Line 2705
INFO: xsimkernel Simulation Memory Usage: 40240 KB (Peak: 40240 KB), Simulation CPU Usage: 10124 ms
